SQL> select *
  2  from emp;

     EMPNO ENAME      JOB              MGR HIREDATE         SAL       COMM     DEPTNO
---------- ---------- --------- ---------- --------- ---------- ---------- ----------
      7369 SMITH      CLERK           7902 17-DEC-80        800                    20
      7499 ALLEN      SALESMAN        7698 20-FEB-81       1600        300         30
      7521 WARD       SALESMAN        7698 22-FEB-81       1250        500         30
      7566 JONES      MANAGER         7839 02-APR-81       2975                    20
      7654 MARTIN     SALESMAN        7698 28-SEP-81       1250       1400         30
      7698 BLAKE      MANAGER         7839 01-MAY-81       2850                    30
      7782 CLARK      MANAGER         7839 09-JUN-81       2450                    10
      7788 SCOTT      ANALYST         7566 19-APR-87       3000                    20
      7839 KING       PRESIDENT            17-NOV-81       5000                    10
      7844 TURNER     SALESMAN        7698 08-SEP-81       1500          0         30
      7876 ADAMS      CLERK           7788 23-MAY-87       1100                    20
      7900 JAMES      CLERK           7698 03-DEC-81        950                    30
      7902 FORD       ANALYST         7566 03-DEC-81       3000                    20
      7934 MILLER     CLERK           7782 23-JAN-82       1300                    10

14 rows selected.

SQL> select deptno,count(*)
  2  from emp
  3  where job='CLERK'
  4  group by deptno
  5  having count(*)>=3;

no rows selected

SQL> ed
Wrote file afiedt.buf

  1  select deptno,count(*)
  2  from emp
  3  where job='CLERK'
  4  group by deptno
  5* having count(*)>=2
SQL> /

    DEPTNO   COUNT(*)
---------- ----------
        20          2

SQL> 
SQL> ed
Wrote file afiedt.buf

  1  select deptno,sum(sal)
  2  from emp
  3  group by deptno
  4* having count(*)>=4
SQL> /

    DEPTNO   SUM(SAL)
---------- ----------
        30       9400
        20      10875

SQL> 
SQL> select count(*),
  2  sum(sal)
  3  from emp
  4  where sal>1200
  5  group by job
  6  having sum(sal)>3800;

  COUNT(*)   SUM(SAL)
---------- ----------
         4       5600
         1       5000
         3       8275
         2       6000

SQL> select deptno,count(*)
  2  from emp
  3  where job='MANAGER'
  4  having count(*)=2;
select deptno,count(*)
       *
ERROR at line 1:
ORA-00937: not a single-group group function


SQL> ed
Wrote file afiedt.buf

  1  select deptno,count(*)
  2  from emp
  3  where job='MANAGER'
  4  group by job
  5* having count(*)=2
SQL> /
select deptno,count(*)
       *
ERROR at line 1:
ORA-00979: not a GROUP BY expression


SQL> ed
Wrote file afiedt.buf

  1  select deptno,count(ename)
  2  from emp
  3  where job='MANAGER'
  4  group by job
  5* having count(*)=2
SQL> /
select deptno,count(ename)
       *
ERROR at line 1:
ORA-00979: not a GROUP BY expression


SQL> ed
Wrote file afiedt.buf

  1  select deptno,count(ename)
  2  from emp
  3  where job='MANAGER'
  4  group by dept
  5* having count(*)=2
SQL> /
group by dept
         *
ERROR at line 4:
ORA-00904: "DEPT": invalid identifier


SQL> ed
Wrote file afiedt.buf

  1  select deptno,count(ename)
  2  from emp
  3  where job='MANAGER'
  4  group by deptno
  5* having count(*)=2
SQL> /

no rows selected

SQL> select job, max(sal)
  2  from emp
  3  group by job
  4  having max(sal)>2600;

JOB         MAX(SAL)
--------- ----------
PRESIDENT       5000
MANAGER         2975
ANALYST         3000

SQL> select job,max(sal)
  2  from emp
  3  where max(sal)>2600
  4  group by job;
where max(sal)>2600
      *
ERROR at line 3:
ORA-00934: group function is not allowed here


SQL> 
SQL> select sal
  2  from emp
  3  group by sal
  4  having count(*)>1;

       SAL
----------
      1250
      3000

SQL> select hiredate
  2  from emp
  3  group by hiredate
  4  having count(*
  5  )>1;

HIREDATE
---------
03-DEC-81

SQL> select avg(sa)
  2  from emp
  3  group by deptno
  4  having avg(sal)<3000;
select avg(sa)
           *
ERROR at line 1:
ORA-00904: "SA": invalid identifier


SQL> ed
Wrote file afiedt.buf

  1  select avg(sal)
  2  from emp
  3  group by deptno
  4* having avg(sal)<3000
SQL> /

  AVG(SAL)
----------
1566.66667
      2175
2916.66667

SQL> select deptno
  2  from emp
  3  where ename like '%A%' OR ename like '%S%'
  4  group by deptno
  5  having count(*)>=3;

    DEPTNO
----------
        30
        20

SQL> ed
Wrote file afiedt.buf

  1  select deptno,ename
  2  from emp
  3  where ename like '%A%' OR ename like '%S%'
  4  group by deptno
  5* having count(*)>=3
SQL> /
select deptno,ename
              *
ERROR at line 1:
ORA-00979: not a GROUP BY expression


SQL> select min(Sal),max(sal)
  2  from emp
  3  group by job
  4  having min(sal)>100 AND max(sal)<5000;

  MIN(SAL)   MAX(SAL)
---------- ----------
       800       1300
      1250       1600
      2450       2975
      3000       3000

SQL> 
